2024-03-25T08:01:12.441Z [INFO] [auth] Request authenticated userId="u0000001-0001-4000-8000-000000000001"
2024-03-25T08:01:12.443Z [INFO] [org-context] Org context set orgSlug="redwood" organizationId="a1b2c3d4-0001-4000-8000-000000000001"
2024-03-25T08:01:12.510Z [INFO] [tasks-route] Task created via API taskId="t0000001-0041-4000-8000-000000000001"
2024-03-25T08:01:12.515Z [INFO] [billing] Usage tracked organizationId="a1b2c3d4-0001-4000-8000-000000000001" metricType="task_created" quantity=1
2024-03-25T08:02:45.102Z [INFO] [auth] Request authenticated userId="u0000002-0001-4000-8000-000000000001"
2024-03-25T08:02:45.104Z [INFO] [org-context] Org context set orgSlug="bayside" organizationId="a1b2c3d4-0002-4000-8000-000000000002"
2024-03-25T08:02:45.198Z [INFO] [task-repo] Task updated taskId="t0000002-0018-4000-8000-000000000001" organizationId="a1b2c3d4-0002-4000-8000-000000000002" fields=["assigneeId"]
2024-03-25T08:02:45.201Z [INFO] [tasks-route] Task reassigned, triggering notifications taskId="t0000002-0018-4000-8000-000000000001"
2024-03-25T08:02:45.203Z [INFO] [task-events] Task assigned, sending notifications taskId="t0000002-0018-4000-8000-000000000001" assigneeId="u0000002-0002-4000-8000-000000000002" organizationId="a1b2c3d4-0002-4000-8000-000000000002"
2024-03-25T08:02:45.210Z [INFO] [notification-router] Routing notification organizationId="a1b2c3d4-0002-4000-8000-000000000002" userId="u0000002-0002-4000-8000-000000000002" channels={"sms":true,"email":true,"slack":true}
2024-03-25T08:02:45.212Z [INFO] [notification-router] Dispatching to 3 channel(s) organizationId="a1b2c3d4-0002-4000-8000-000000000002" userId="u0000002-0002-4000-8000-000000000002"
2024-03-25T08:02:45.250Z [INFO] [sms-service] Sending SMS notification userId="u0000002-0002-4000-8000-000000000002" phone="+12*****02"
2024-03-25T08:02:45.410Z [INFO] [sms-service] SMS sent successfully userId="u0000002-0002-4000-8000-000000000002" phone="+12*****02"
2024-03-25T08:02:45.320Z [INFO] [email-service] Sending email notification userId="u0000002-0002-4000-8000-000000000002" email="m***m@bayside.com"
2024-03-25T08:02:45.480Z [INFO] [email-service] Email sent successfully userId="u0000002-0002-4000-8000-000000000002" to="m***m@bayside.com"
2024-03-25T08:02:45.330Z [INFO] [slack-service] Sending Slack notification userId="u0000002-0002-4000-8000-000000000002" slackId="U04B2MKIM"
2024-03-25T08:02:45.495Z [INFO] [slack-service] Slack notification sent userId="u0000002-0002-4000-8000-000000000002" slackId="U04B2MKIM"
2024-03-25T08:02:45.500Z [INFO] [task-events] Task assignment notifications dispatched taskId="t0000002-0018-4000-8000-000000000001" channelsSent=3 totalChannels=3
2024-03-25T08:04:10.880Z [INFO] [auth] Request authenticated userId="u0000001-0002-4000-8000-000000000002"
2024-03-25T08:04:10.882Z [INFO] [org-context] Org context set orgSlug="redwood" organizationId="a1b2c3d4-0001-4000-8000-000000000001"
2024-03-25T08:04:10.920Z [INFO] [task-repo] Task updated taskId="t0000001-0041-4000-8000-000000000001" organizationId="a1b2c3d4-0001-4000-8000-000000000001" fields=["status"]
2024-03-25T08:04:10.925Z [INFO] [task-events] Task status changed taskId="t0000001-0041-4000-8000-000000000001" from="open" to="in_progress"
2024-03-25T08:04:10.930Z [INFO] [notification-router] Routing notification organizationId="a1b2c3d4-0001-4000-8000-000000000001" userId="u0000001-0003-4000-8000-000000000003" channels={"sms":true,"email":true,"slack":true}
2024-03-25T08:04:10.935Z [INFO] [notification-router] Dispatching to 3 channel(s) organizationId="a1b2c3d4-0001-4000-8000-000000000001" userId="u0000001-0003-4000-8000-000000000003"
2024-03-25T08:04:11.010Z [INFO] [sms-service] Sending SMS notification userId="u0000001-0003-4000-8000-000000000003" phone="+14*****03"
2024-03-25T08:04:11.180Z [INFO] [sms-service] SMS sent successfully userId="u0000001-0003-4000-8000-000000000003" phone="+14*****03"
2024-03-25T08:04:11.050Z [INFO] [email-service] Sending email notification userId="u0000001-0003-4000-8000-000000000003" email="r****l@redwood.com"
2024-03-25T08:04:11.200Z [INFO] [email-service] Email sent successfully userId="u0000001-0003-4000-8000-000000000003" to="r****l@redwood.com"
2024-03-25T08:04:11.060Z [INFO] [slack-service] Sending Slack notification userId="u0000001-0003-4000-8000-000000000003" slackId="U04A3RAVI"
2024-03-25T08:04:11.210Z [INFO] [slack-service] Slack notification sent userId="u0000001-0003-4000-8000-000000000003" slackId="U04A3RAVI"
2024-03-25T08:06:33.112Z [INFO] [billing] Usage tracked organizationId="a1b2c3d4-0003-4000-8000-000000000003" metricType="task_created" quantity=1
2024-03-25T08:07:01.440Z [INFO] [auth] Request authenticated userId="u0000003-0001-4000-8000-000000000001"
2024-03-25T08:07:01.442Z [INFO] [org-context] Org context set orgSlug="meridian" organizationId="a1b2c3d4-0003-4000-8000-000000000003"
2024-03-25T08:07:01.510Z [INFO] [task-repo] Task updated taskId="t0000003-0022-4000-8000-000000000001" organizationId="a1b2c3d4-0003-4000-8000-000000000003" fields=["assigneeId"]
2024-03-25T08:07:01.513Z [INFO] [tasks-route] Task reassigned, triggering notifications taskId="t0000003-0022-4000-8000-000000000001"
2024-03-25T08:07:01.515Z [INFO] [task-events] Task assigned, sending notifications taskId="t0000003-0022-4000-8000-000000000001" assigneeId="u0000003-0002-4000-8000-000000000002" organizationId="a1b2c3d4-0003-4000-8000-000000000003"
2024-03-25T08:07:01.520Z [INFO] [notification-router] Routing notification organizationId="a1b2c3d4-0003-4000-8000-000000000003" userId="u0000003-0002-4000-8000-000000000002" channels={"sms":true,"email":true,"slack":true}
2024-03-25T08:07:01.522Z [INFO] [notification-router] Dispatching to 3 channel(s) organizationId="a1b2c3d4-0003-4000-8000-000000000003" userId="u0000003-0002-4000-8000-000000000002"
2024-03-25T08:07:01.560Z [WARN] [sms-service] No phone number found for user, skipping SMS userId="u0000003-0002-4000-8000-000000000002" userName="Emily Zhang"
2024-03-25T08:07:01.580Z [INFO] [email-service] Sending email notification userId="u0000003-0002-4000-8000-000000000002" email="e****g@meridian.com"
2024-03-25T08:07:01.700Z [INFO] [email-service] Email sent successfully userId="u0000003-0002-4000-8000-000000000002" to="e****g@meridian.com"
2024-03-25T08:07:01.590Z [INFO] [slack-service] Sending Slack notification userId="u0000003-0002-4000-8000-000000000002" slackId="U04M2EMILY"
2024-03-25T08:07:01.720Z [INFO] [slack-service] Slack notification sent userId="u0000003-0002-4000-8000-000000000002" slackId="U04M2EMILY"
2024-03-25T08:07:01.725Z [INFO] [task-events] Task assignment notifications dispatched taskId="t0000003-0022-4000-8000-000000000001" channelsSent=2 totalChannels=3
2024-03-25T08:09:15.330Z [INFO] [auth] Request authenticated userId="u0000004-0001-4000-8000-000000000001"
2024-03-25T08:09:15.332Z [INFO] [org-context] Org context set orgSlug="coastline" organizationId="a1b2c3d4-0004-4000-8000-000000000004"
2024-03-25T08:09:15.400Z [INFO] [tasks-route] Task created via API taskId="t0000004-0005-4000-8000-000000000001"
2024-03-25T08:09:15.405Z [INFO] [billing] Usage tracked organizationId="a1b2c3d4-0004-4000-8000-000000000004" metricType="task_created" quantity=1
2024-03-25T08:11:42.200Z [INFO] [auth] Request authenticated userId="u0000003-0001-4000-8000-000000000001"
2024-03-25T08:11:42.202Z [INFO] [org-context] Org context set orgSlug="meridian" organizationId="a1b2c3d4-0003-4000-8000-000000000003"
2024-03-25T08:11:42.270Z [INFO] [task-repo] Task updated taskId="t0000003-0023-4000-8000-000000000001" organizationId="a1b2c3d4-0003-4000-8000-000000000003" fields=["assigneeId"]
2024-03-25T08:11:42.273Z [INFO] [tasks-route] Task reassigned, triggering notifications taskId="t0000003-0023-4000-8000-000000000001"
2024-03-25T08:11:42.275Z [INFO] [task-events] Task assigned, sending notifications taskId="t0000003-0023-4000-8000-000000000001" assigneeId="u0000003-0003-4000-8000-000000000003" organizationId="a1b2c3d4-0003-4000-8000-000000000003"
2024-03-25T08:11:42.280Z [INFO] [notification-router] Routing notification organizationId="a1b2c3d4-0003-4000-8000-000000000003" userId="u0000003-0003-4000-8000-000000000003" channels={"sms":true,"email":true,"slack":true}
2024-03-25T08:11:42.282Z [INFO] [notification-router] Dispatching to 3 channel(s) organizationId="a1b2c3d4-0003-4000-8000-000000000003" userId="u0000003-0003-4000-8000-000000000003"
2024-03-25T08:11:42.320Z [WARN] [sms-service] No phone number found for user, skipping SMS userId="u0000003-0003-4000-8000-000000000003" userName="Brian Torres"
2024-03-25T08:11:42.340Z [INFO] [email-service] Sending email notification userId="u0000003-0003-4000-8000-000000000003" email="b*****s@meridian.com"
2024-03-25T08:11:42.460Z [INFO] [email-service] Email sent successfully userId="u0000003-0003-4000-8000-000000000003" to="b*****s@meridian.com"
2024-03-25T08:11:42.465Z [INFO] [task-events] Task assignment notifications dispatched taskId="t0000003-0023-4000-8000-000000000001" channelsSent=1 totalChannels=2
2024-03-25T08:14:05.100Z [INFO] [billing] Usage tracked organizationId="a1b2c3d4-0001-4000-8000-000000000001" metricType="notification_sms" quantity=1
2024-03-25T08:14:05.102Z [INFO] [billing] Usage tracked organizationId="a1b2c3d4-0001-4000-8000-000000000001" metricType="notification_email" quantity=1
2024-03-25T08:15:30.440Z [INFO] [auth] Request authenticated userId="u0000001-0001-4000-8000-000000000001"
2024-03-25T08:15:30.442Z [INFO] [org-context] Org context set orgSlug="redwood" organizationId="a1b2c3d4-0001-4000-8000-000000000001"
2024-03-25T08:15:30.510Z [INFO] [task-repo] Task updated taskId="t0000001-0041-4000-8000-000000000001" organizationId="a1b2c3d4-0001-4000-8000-000000000001" fields=["assigneeId"]
2024-03-25T08:15:30.513Z [INFO] [tasks-route] Task reassigned, triggering notifications taskId="t0000001-0041-4000-8000-000000000001"
2024-03-25T08:15:30.515Z [INFO] [task-events] Task assigned, sending notifications taskId="t0000001-0041-4000-8000-000000000001" assigneeId="u0000001-0001-4000-8000-000000000001" organizationId="a1b2c3d4-0001-4000-8000-000000000001"
2024-03-25T08:15:30.520Z [INFO] [notification-router] Routing notification organizationId="a1b2c3d4-0001-4000-8000-000000000001" userId="u0000001-0001-4000-8000-000000000001" channels={"sms":true,"email":true,"slack":true}
2024-03-25T08:15:30.522Z [INFO] [notification-router] Dispatching to 3 channel(s) organizationId="a1b2c3d4-0001-4000-8000-000000000001" userId="u0000001-0001-4000-8000-000000000001"
2024-03-25T08:15:30.560Z [INFO] [sms-service] Sending SMS notification userId="u0000001-0001-4000-8000-000000000001" phone="+14*****01"
2024-03-25T08:15:30.720Z [INFO] [sms-service] SMS sent successfully userId="u0000001-0001-4000-8000-000000000001" phone="+14*****01"
2024-03-25T08:15:30.580Z [INFO] [email-service] Sending email notification userId="u0000001-0001-4000-8000-000000000001" email="l*****n@redwood.com"
2024-03-25T08:15:30.740Z [INFO] [email-service] Email sent successfully userId="u0000001-0001-4000-8000-000000000001" to="l*****n@redwood.com"
2024-03-25T08:15:30.590Z [INFO] [slack-service] Sending Slack notification userId="u0000001-0001-4000-8000-000000000001" slackId="U04A1MARTIN"
2024-03-25T08:15:30.750Z [INFO] [slack-service] Slack notification sent userId="u0000001-0001-4000-8000-000000000001" slackId="U04A1MARTIN"
2024-03-25T08:15:30.755Z [INFO] [task-events] Task assignment notifications dispatched taskId="t0000001-0041-4000-8000-000000000001" channelsSent=3 totalChannels=3
2024-03-25T08:18:22.660Z [INFO] [auth] Request authenticated userId="u0000003-0001-4000-8000-000000000001"
2024-03-25T08:18:22.662Z [INFO] [org-context] Org context set orgSlug="meridian" organizationId="a1b2c3d4-0003-4000-8000-000000000003"
2024-03-25T08:18:22.730Z [INFO] [task-repo] Task updated taskId="t0000003-0024-4000-8000-000000000001" organizationId="a1b2c3d4-0003-4000-8000-000000000003" fields=["assigneeId"]
2024-03-25T08:18:22.733Z [INFO] [tasks-route] Task reassigned, triggering notifications taskId="t0000003-0024-4000-8000-000000000001"
2024-03-25T08:18:22.735Z [INFO] [task-events] Task assigned, sending notifications taskId="t0000003-0024-4000-8000-000000000001" assigneeId="u0000003-0004-4000-8000-000000000004" organizationId="a1b2c3d4-0003-4000-8000-000000000003"
2024-03-25T08:18:22.740Z [INFO] [notification-router] Routing notification organizationId="a1b2c3d4-0003-4000-8000-000000000003" userId="u0000003-0004-4000-8000-000000000004" channels={"sms":true,"email":true,"slack":true}
2024-03-25T08:18:22.742Z [INFO] [notification-router] Dispatching to 3 channel(s) organizationId="a1b2c3d4-0003-4000-8000-000000000003" userId="u0000003-0004-4000-8000-000000000004"
2024-03-25T08:18:22.780Z [WARN] [sms-service] No phone number found for user, skipping SMS userId="u0000003-0004-4000-8000-000000000004" userName="Jenny Liu"
2024-03-25T08:18:22.800Z [INFO] [email-service] Sending email notification userId="u0000003-0004-4000-8000-000000000004" email="j**u@meridian.com"
2024-03-25T08:18:22.920Z [INFO] [email-service] Email sent successfully userId="u0000003-0004-4000-8000-000000000004" to="j**u@meridian.com"
2024-03-25T08:18:22.925Z [INFO] [task-events] Task assignment notifications dispatched taskId="t0000003-0024-4000-8000-000000000001" channelsSent=1 totalChannels=2
2024-03-25T08:20:44.110Z [INFO] [billing] Usage tracked organizationId="a1b2c3d4-0003-4000-8000-000000000003" metricType="notification_email" quantity=3
2024-03-25T08:20:44.115Z [INFO] [billing] Usage tracked organizationId="a1b2c3d4-0003-4000-8000-000000000003" metricType="notification_sms" quantity=1
2024-03-25T08:22:10.330Z [INFO] [auth] Request authenticated userId="u0000002-0001-4000-8000-000000000001"
2024-03-25T08:22:10.332Z [INFO] [org-context] Org context set orgSlug="bayside" organizationId="a1b2c3d4-0002-4000-8000-000000000002"
2024-03-25T08:22:10.400Z [INFO] [task-repo] Task updated taskId="t0000002-0019-4000-8000-000000000001" organizationId="a1b2c3d4-0002-4000-8000-000000000002" fields=["status"]
2024-03-25T08:22:10.405Z [INFO] [task-events] Task status changed taskId="t0000002-0019-4000-8000-000000000001" from="open" to="completed"
2024-03-25T08:22:10.410Z [INFO] [notification-router] Routing notification organizationId="a1b2c3d4-0002-4000-8000-000000000002" userId="u0000002-0003-4000-8000-000000000003" channels={"sms":true,"email":true,"slack":true}
2024-03-25T08:22:10.412Z [INFO] [notification-router] Dispatching to 3 channel(s) organizationId="a1b2c3d4-0002-4000-8000-000000000002" userId="u0000002-0003-4000-8000-000000000003"
2024-03-25T08:22:10.450Z [INFO] [sms-service] Sending SMS notification userId="u0000002-0003-4000-8000-000000000003" phone="+12*****03"
2024-03-25T08:22:10.610Z [INFO] [sms-service] SMS sent successfully userId="u0000002-0003-4000-8000-000000000003" phone="+12*****03"
2024-03-25T08:22:10.470Z [INFO] [email-service] Sending email notification userId="u0000002-0003-4000-8000-000000000003" email="a*****a@bayside.com"
2024-03-25T08:22:10.630Z [INFO] [email-service] Email sent successfully userId="u0000002-0003-4000-8000-000000000003" to="a*****a@bayside.com"
2024-03-25T08:22:10.635Z [INFO] [task-events] Task assignment notifications dispatched taskId="t0000002-0019-4000-8000-000000000001" channelsSent=2 totalChannels=2
2024-03-25T08:25:00.220Z [INFO] [auth] Request authenticated userId="u0000003-0001-4000-8000-000000000001"
2024-03-25T08:25:00.222Z [INFO] [org-context] Org context set orgSlug="meridian" organizationId="a1b2c3d4-0003-4000-8000-000000000003"
2024-03-25T08:25:00.290Z [INFO] [task-repo] Task updated taskId="t0000003-0025-4000-8000-000000000001" organizationId="a1b2c3d4-0003-4000-8000-000000000003" fields=["assigneeId"]
2024-03-25T08:25:00.293Z [INFO] [tasks-route] Task reassigned, triggering notifications taskId="t0000003-0025-4000-8000-000000000001"
2024-03-25T08:25:00.295Z [INFO] [task-events] Task assigned, sending notifications taskId="t0000003-0025-4000-8000-000000000001" assigneeId="u0000003-0005-4000-8000-000000000005" organizationId="a1b2c3d4-0003-4000-8000-000000000003"
2024-03-25T08:25:00.300Z [INFO] [notification-router] Routing notification organizationId="a1b2c3d4-0003-4000-8000-000000000003" userId="u0000003-0005-4000-8000-000000000005" channels={"sms":true,"email":true,"slack":true}
2024-03-25T08:25:00.302Z [INFO] [notification-router] Dispatching to 3 channel(s) organizationId="a1b2c3d4-0003-4000-8000-000000000003" userId="u0000003-0005-4000-8000-000000000005"
2024-03-25T08:25:00.340Z [WARN] [sms-service] No phone number found for user, skipping SMS userId="u0000003-0005-4000-8000-000000000005" userName="Carlos Ruiz"
2024-03-25T08:25:00.360Z [INFO] [email-service] Sending email notification userId="u0000003-0005-4000-8000-000000000005" email="c***z@meridian.com"
2024-03-25T08:25:00.480Z [INFO] [email-service] Email sent successfully userId="u0000003-0005-4000-8000-000000000005" to="c***z@meridian.com"
2024-03-25T08:25:00.485Z [INFO] [task-events] Task assignment notifications dispatched taskId="t0000003-0025-4000-8000-000000000001" channelsSent=1 totalChannels=2
2024-03-25T08:27:33.770Z [INFO] [billing] Usage tracked organizationId="a1b2c3d4-0002-4000-8000-000000000002" metricType="api_call" quantity=14
2024-03-25T08:27:33.775Z [INFO] [billing] Usage tracked organizationId="a1b2c3d4-0001-4000-8000-000000000001" metricType="api_call" quantity=22
2024-03-25T08:28:01.100Z [INFO] [auth] Request authenticated userId="u0000003-0001-4000-8000-000000000001"
2024-03-25T08:28:01.102Z [INFO] [org-context] Org context set orgSlug="meridian" organizationId="a1b2c3d4-0003-4000-8000-000000000003"
2024-03-25T08:28:01.170Z [INFO] [task-repo] Task updated taskId="t0000003-0022-4000-8000-000000000001" organizationId="a1b2c3d4-0003-4000-8000-000000000003" fields=["status"]
2024-03-25T08:28:01.175Z [INFO] [task-events] Task status changed taskId="t0000003-0022-4000-8000-000000000001" from="open" to="in_progress"
2024-03-25T08:28:01.180Z [INFO] [notification-router] Routing notification organizationId="a1b2c3d4-0003-4000-8000-000000000003" userId="u0000003-0002-4000-8000-000000000002" channels={"sms":true,"email":true,"slack":true}
2024-03-25T08:28:01.182Z [INFO] [notification-router] Dispatching to 3 channel(s) organizationId="a1b2c3d4-0003-4000-8000-000000000003" userId="u0000003-0002-4000-8000-000000000002"
2024-03-25T08:28:01.220Z [WARN] [sms-service] No phone number found for user, skipping SMS userId="u0000003-0002-4000-8000-000000000002" userName="Emily Zhang"
2024-03-25T08:28:01.240Z [INFO] [email-service] Sending email notification userId="u0000003-0002-4000-8000-000000000002" email="e****g@meridian.com"
2024-03-25T08:28:01.360Z [INFO] [email-service] Email sent successfully userId="u0000003-0002-4000-8000-000000000002" to="e****g@meridian.com"
2024-03-25T08:28:01.370Z [INFO] [slack-service] Sending Slack notification userId="u0000003-0002-4000-8000-000000000002" slackId="U04M2EMILY"
2024-03-25T08:28:01.490Z [INFO] [slack-service] Slack notification sent userId="u0000003-0002-4000-8000-000000000002" slackId="U04M2EMILY"
2024-03-25T08:28:01.495Z [INFO] [task-events] Task assignment notifications dispatched taskId="t0000003-0022-4000-8000-000000000001" channelsSent=2 totalChannels=3
2024-03-25T08:30:15.880Z [INFO] [billing] Usage tracked organizationId="a1b2c3d4-0003-4000-8000-000000000003" metricType="api_call" quantity=18
2024-03-25T08:31:45.200Z [WARN] [rate-limiter] Rate limit exceeded ip="203.0.113.42" key="203.0.113.42:a1b2c3d4-0004-4000-8000-000000000004"
